SQL> 
SQL> Rem ******** List schemas and objects ********
SQL> PROMPT

SQL> PROMPT All user named objects owned by schema accounts
All user named objects owned by schema accounts
SQL> 
SQL>  SELECT   owner, object_type, object_name, status
  2   FROM     dba_objects
  3   WHERE    owner in ('HR','OE','SH','PM','IX','BI')
  4   AND      object_name NOT LIKE 'SYS%'
  5   ORDER BY 1,2,3,4;

no rows selected

SQL> 
SQL> 
SQL> PROMPT

SQL> PROMPT All SYS named objects owned by schema accounts
All SYS named objects owned by schema accounts
SQL> 
SQL>  SELECT    owner, object_type, object_name, status
  2   FROM     dba_objects
  3   WHERE    owner in ('HR','OE','SH','PM','IX','BI')
  4   AND      object_name LIKE 'SYS%'
  5   ORDER BY 2,1,3;

no rows selected

SQL> 
SQL> Rem ******** Drop Sample Schemas, cascade to objects ********
SQL> PROMPT

SQL> PROMPT Dropping Sample Schemas
Dropping Sample Schemas
SQL> 
SQL> DROP USER hr CASCADE;
DROP USER hr CASCADE
          *
ERROR at line 1:
ORA-01918: user 'HR' does not exist


SQL> DROP USER oe CASCADE;
DROP USER oe CASCADE
          *
ERROR at line 1:
ORA-01918: user 'OE' does not exist


SQL> DROP USER pm CASCADE;
DROP USER pm CASCADE
          *
ERROR at line 1:
ORA-01918: user 'PM' does not exist


SQL> DROP USER ix CASCADE;
DROP USER ix CASCADE
          *
ERROR at line 1:
ORA-01918: user 'IX' does not exist


SQL> DROP USER sh CASCADE;
DROP USER sh CASCADE
          *
ERROR at line 1:
ORA-01918: user 'SH' does not exist


SQL> DROP USER bi CASCADE;
DROP USER bi CASCADE
          *
ERROR at line 1:
ORA-01918: user 'BI' does not exist


SQL> 
SQL> 
SQL> Rem ******** Verify that all Sample Schemas and objects have been dropped ********
SQL> PROMPT

SQL> PROMPT Verifying drop of Sample Schemas
Verifying drop of Sample Schemas
SQL> 
SQL> SELECT   owner, object_type, object_name
  2   FROM     dba_objects
  3   WHERE    owner in ('HR','OE','SH','PM','IX','BI')
  4   ORDER BY 1,2,3;

no rows selected

SQL> 
SQL> SPOOL OFF
